2025-02-06 03:44:51 Loading main app package /usr/lib/obsidian/obsidian.asar
2025-02-06 03:44:51 Checking for update using Github
2025-02-06 03:44:51 Success.
2025-02-06 03:44:51 Latest version is 1.8.4
2025-02-06 03:44:51 App is up to date.
2025-02-09 20:32:03 Loading main app package /usr/lib/obsidian/obsidian.asar
2025-02-09 20:32:03 Checking for update using Github
2025-02-09 20:32:04 Success.
2025-02-09 20:32:04 Latest version is 1.8.4
2025-02-09 20:32:04 App is up to date.
2025-02-14 07:16:03 Loading main app package /usr/lib/obsidian/obsidian.asar
2025-02-14 07:16:03 Checking for update using Github
2025-02-14 07:16:03 Success.
2025-02-14 07:16:03 Latest version is 1.8.4
2025-02-14 07:16:03 App is up to date.
2025-02-24 03:53:14 Loading main app package /usr/lib/obsidian/obsidian.asar
2025-02-24 03:53:15 Checking for update using Github
2025-02-24 03:53:15 Success.
2025-02-24 03:53:15 Latest version is 1.8.7
2025-02-24 03:53:15 App is up to date.
2025-02-24 04:53:15 Checking for update using Github
2025-02-24 04:53:15 Success.
2025-02-24 04:53:15 Latest version is 1.8.7
2025-02-24 04:53:15 App is up to date.
2025-02-24 05:53:15 Checking for update using Github
2025-02-24 05:53:15 Success.
2025-02-24 05:53:15 Latest version is 1.8.7
2025-02-24 05:53:15 App is up to date.
2025-02-24 06:53:15 Checking for update using Github
2025-02-24 06:53:15 Success.
2025-02-24 06:53:15 Latest version is 1.8.7
2025-02-24 06:53:15 App is up to date.
2025-02-24 07:25:08 Loading main app package /usr/lib/obsidian/obsidian.asar
2025-02-24 07:25:08 Checking for update using Github
2025-02-24 07:25:08 Success.
2025-02-24 07:25:08 Latest version is 1.8.7
2025-02-24 07:25:08 App is up to date.
2025-02-24 23:40:35 Loading main app package /usr/lib/obsidian/obsidian.asar
2025-02-24 23:40:35 Checking for update using Github
2025-02-24 23:40:35 Success.
2025-02-24 23:40:35 Latest version is 1.8.7
2025-02-24 23:40:35 App is up to date.
2025-02-27 08:52:21 Loading main app package /usr/lib/obsidian/obsidian.asar
2025-02-27 08:52:22 Checking for update using Github
2025-02-27 08:52:22 Success.
2025-02-27 08:52:22 Latest version is 1.8.7
2025-02-27 08:52:22 App is up to date.
2025-02-27 09:52:22 Checking for update using Github
2025-02-27 09:52:22 Success.
2025-02-27 09:52:22 Latest version is 1.8.7
2025-02-27 09:52:22 App is up to date.
2025-02-27 10:52:22 Checking for update using Github
2025-02-27 10:52:22 Success.
2025-02-27 10:52:22 Latest version is 1.8.7
2025-02-27 10:52:22 App is up to date.
2025-02-27 11:52:22 Checking for update using Github
2025-02-27 11:52:28 Success.
2025-02-27 11:52:28 Latest version is 1.8.7
2025-02-27 11:52:28 App is up to date.
2025-02-27 12:52:22 Checking for update using Github
2025-02-27 12:52:33 Success.
2025-02-27 12:52:33 Latest version is 1.8.7
2025-02-27 12:52:33 App is up to date.
2025-02-27 13:52:22 Checking for update using Github
2025-02-27 13:52:27 Success.
2025-02-27 13:52:27 Latest version is 1.8.7
2025-02-27 13:52:27 App is up to date.
2025-02-27 14:52:22 Checking for update using Github
2025-02-27 14:52:27 Success.
2025-02-27 14:52:27 Latest version is 1.8.7
2025-02-27 14:52:27 App is up to date.
2025-02-27 15:52:22 Checking for update using Github
2025-02-27 15:52:27 Success.
2025-02-27 15:52:27 Latest version is 1.8.7
2025-02-27 15:52:27 App is up to date.
2025-02-27 16:52:22 Checking for update using Github
2025-02-27 16:52:22 Success.
2025-02-27 16:52:22 Latest version is 1.8.7
2025-02-27 16:52:22 App is up to date.
2025-02-27 17:52:22 Checking for update using Github
2025-02-27 17:52:22 Success.
2025-02-27 17:52:22 Latest version is 1.8.7
2025-02-27 17:52:22 App is up to date.
2025-02-27 18:52:22 Checking for update using Github
2025-02-27 18:52:22 Success.
2025-02-27 18:52:22 Latest version is 1.8.7
2025-02-27 18:52:22 App is up to date.
2025-02-27 19:52:22 Checking for update using Github
2025-02-27 19:52:22 Success.
2025-02-27 19:52:22 Latest version is 1.8.7
2025-02-27 19:52:22 App is up to date.
2025-02-27 20:52:22 Checking for update using Github
2025-02-27 20:52:22 Success.
2025-02-27 20:52:22 Latest version is 1.8.7
2025-02-27 20:52:22 App is up to date.
2025-02-27 21:52:22 Checking for update using Github
2025-02-27 21:52:22 Success.
2025-02-27 21:52:22 Latest version is 1.8.7
2025-02-27 21:52:22 App is up to date.
2025-02-27 22:52:22 Checking for update using Github
2025-02-27 22:52:23 Success.
2025-02-27 22:52:23 Latest version is 1.8.7
2025-02-27 22:52:23 App is up to date.
2025-02-27 23:52:22 Checking for update using Github
2025-02-27 23:52:23 Success.
2025-02-27 23:52:23 Latest version is 1.8.7
2025-02-27 23:52:23 App is up to date.
2025-02-28 00:52:22 Checking for update using Github
2025-02-28 00:52:23 Success.
2025-02-28 00:52:23 Latest version is 1.8.7
2025-02-28 00:52:23 App is up to date.
2025-02-28 01:52:23 Checking for update using Github
2025-02-28 01:52:23 Success.
2025-02-28 01:52:23 Latest version is 1.8.7
2025-02-28 01:52:23 App is up to date.
2025-02-28 02:52:23 Checking for update using Github
2025-02-28 02:52:23 Success.
2025-02-28 02:52:23 Latest version is 1.8.7
2025-02-28 02:52:23 App is up to date.
2025-02-28 03:52:23 Checking for update using Github
2025-02-28 03:52:23 Success.
2025-02-28 03:52:23 Latest version is 1.8.7
2025-02-28 03:52:23 App is up to date.
2025-02-28 04:52:23 Checking for update using Github
2025-02-28 04:52:23 Success.
2025-02-28 04:52:23 Latest version is 1.8.7
2025-02-28 04:52:23 App is up to date.
2025-02-28 05:52:23 Checking for update using Github
2025-02-28 05:52:23 Success.
2025-02-28 05:52:23 Latest version is 1.8.7
2025-02-28 05:52:23 App is up to date.
2025-02-28 06:52:23 Checking for update using Github
2025-02-28 06:52:23 Success.
2025-02-28 06:52:23 Latest version is 1.8.7
2025-02-28 06:52:23 App is up to date.
2025-02-28 07:52:23 Checking for update using Github
2025-02-28 07:52:24 Success.
2025-02-28 07:52:24 Latest version is 1.8.7
2025-02-28 07:52:24 App is up to date.
2025-02-28 08:52:23 Checking for update using Github
2025-02-28 08:52:24 Success.
2025-02-28 08:52:24 Latest version is 1.8.7
2025-02-28 08:52:24 App is up to date.
2025-02-28 09:52:23 Checking for update using Github
2025-02-28 09:52:24 Success.
2025-02-28 09:52:24 Latest version is 1.8.7
2025-02-28 09:52:24 App is up to date.
2025-02-28 10:52:23 Checking for update using Github
2025-02-28 10:52:24 Success.
2025-02-28 10:52:24 Latest version is 1.8.7
2025-02-28 10:52:24 App is up to date.
2025-03-07 05:58:14 Loading main app package /usr/lib/obsidian/obsidian.asar
2025-03-07 05:58:14 Checking for update using Github
2025-03-07 05:58:15 Success.
2025-03-07 05:58:15 Latest version is 1.8.9
2025-03-07 05:58:15 Downloading update from https://github.com/obsidianmd/obsidian-releases/releases/download/v1.8.9/obsidian-1.8.9.asar.gz
2025-03-07 05:58:19 Verifying hash & signature. Size= 8125625
2025-03-07 05:58:19 Saving file
2025-03-07 05:58:20 Update complete.
2025-03-10 09:27:48 Loading main app package /usr/lib/obsidian/obsidian.asar
2025-03-10 09:27:48 Checking for update using Github
2025-03-10 09:27:48 Success.
2025-03-10 09:27:48 Latest version is 1.8.9
2025-03-10 09:27:48 App is up to date.
2025-03-10 10:27:48 Checking for update using Github
2025-03-10 10:27:48 Success.
2025-03-10 10:27:48 Latest version is 1.8.9
2025-03-10 10:27:48 App is up to date.
2025-03-10 11:27:48 Checking for update using Github
2025-03-10 11:27:48 Success.
2025-03-10 11:27:48 Latest version is 1.8.9
2025-03-10 11:27:48 App is up to date.
2025-03-10 12:27:48 Checking for update using Github
2025-03-10 12:27:48 Success.
2025-03-10 12:27:48 Latest version is 1.8.9
2025-03-10 12:27:48 App is up to date.
2025-03-10 13:27:48 Checking for update using Github
2025-03-10 13:27:48 Success.
2025-03-10 13:27:48 Latest version is 1.8.9
2025-03-10 13:27:48 App is up to date.
2025-03-21 13:09:07 Loading main app package /usr/lib/obsidian/obsidian.asar
2025-03-21 13:09:07 Checking for update using Github
2025-03-21 13:09:08 Success.
2025-03-21 13:09:08 Latest version is 1.8.9
2025-03-21 13:09:08 App is up to date.
2025-03-21 14:03:20 Loading main app package /usr/lib/obsidian/obsidian.asar
2025-03-21 14:03:20 Checking for update using Github
2025-03-21 14:03:21 Success.
2025-03-21 14:03:21 Latest version is 1.8.9
2025-03-21 14:03:21 App is up to date.
2025-03-22 19:25:28 Loading main app package /usr/lib/obsidian/obsidian.asar
2025-03-22 19:25:28 Checking for update using Github
2025-03-22 19:25:28 Failed to check for update using Github (net::ERR_INTERNET_DISCONNECTED)
2025-03-22 19:25:28 Checking for update using obsidian.md
2025-03-22 19:25:28 Failed to check for update using obsidian.md (net::ERR_INTERNET_DISCONNECTED)
2025-03-22 19:25:53 Loading main app package /usr/lib/obsidian/obsidian.asar
2025-03-22 19:25:53 Checking for update using Github
2025-03-22 19:26:12 Loading main app package /usr/lib/obsidian/obsidian.asar
2025-03-22 19:26:12 Checking for update using Github
2025-03-22 20:25:28 Checking for update using Github
2025-03-22 20:25:28 Success.
2025-03-22 20:25:28 Latest version is 1.8.9
2025-03-22 20:25:28 App is up to date.
